#
# A fatal error has been detected by the Java Runtime Environment:
#
#  Internal Error (javaClasses.cpp:848), pid=12944, tid=3908
#  Error: ShouldNotReachHere()
#
# JRE version:  (21.0.10+7) (build )
# Java VM: OpenJDK 64-Bit Server VM (21.0.10+7-LTS, mixed mode, sharing, tiered, compressed oops, compressed class ptrs, parallel gc, windows-amd64)
# No core dump will be written. Minidumps are not enabled by default on client versions of Windows
#
#

---------------  S U M M A R Y ------------

Command Line: --add-modules=ALL-SYSTEM --add-opens=java.base/java.util=ALL-UNNAMED --add-opens=java.base/java.lang=ALL-UNNAMED --add-opens=java.base/sun.nio.fs=ALL-UNNAMED -Declipse.application=org.eclipse.jdt.ls.core.id1 -Dosgi.bundles.defaultStartLevel=4 -Declipse.product=org.eclipse.jdt.ls.core.product -Djava.import.generatesMetadataFilesAtProjectRoot=false -DDetectVMInstallationsJob.disabled=true -Dfile.encoding=utf8 -XX:+UseParallelGC -XX:GCTimeRatio=4 -XX:AdaptiveSizePolicyWeight=90 -Dsun.zip.disableMemoryMapping=true -Xmx2G -Xms100m -Xlog:disable -javaagent:c:\Users\ADMIN\.vscode\extensions\redhat.java-1.54.0-win32-x64\lombok\lombok-1.18.39-4050.jar -XX:+HeapDumpOnOutOfMemoryError -XX:HeapDumpPath=c:\Users\ADMIN\AppData\Roaming\Code\User\workspaceStorage\c787f9f3c7dc0f39abbe2e8d5d022874\redhat.java -Daether.dependencyCollector.impl=bf c:\Users\ADMIN\.vscode\extensions\redhat.java-1.54.0-win32-x64\server\plugins\org.eclipse.equinox.launcher_1.7.100.v20251111-0406.jar -configuration c:\Users\ADMIN\AppData\Roaming\Code\User\globalStorage\redhat.java\1.54.0\config_win -data c:\Users\ADMIN\AppData\Roaming\Code\User\workspaceStorage\c787f9f3c7dc0f39abbe2e8d5d022874\redhat.java\jdt_ws --pipe=\\.\pipe\lsp-5a4b11d7faa6b31d59a39a3cb6285776-sock

Host: Intel(R) Core(TM) i7-6700HQ CPU @ 2.60GHz, 8 cores, 15G,  Windows 10 , 64 bit Build 19041 (10.0.19041.3636)
Time: Wed May 13 23:25:25 2026 SE Asia Standard Time elapsed time: 0.174504 seconds (0d 0h 0m 0s)

---------------  T H R E A D  ---------------

Current thread (0x0000022cd1697740):  JavaThread "main"             [_thread_in_vm, id=3908, stack(0x0000007c03000000,0x0000007c03100000) (1024K)]

Stack: [0x0000007c03000000,0x0000007c03100000]
Native frames: (J=compiled Java code, j=interpreted, Vv=VM code, C=native code)
V  [jvm.dll+0x6d7a39]
V  [jvm.dll+0x8b4b26]
V  [jvm.dll+0x8b70de]
V  [jvm.dll+0x8b7777]
V  [jvm.dll+0x2842c7]
V  [jvm.dll+0x2842ec]
V  [jvm.dll+0x284240]
V  [jvm.dll+0x3f0a54]
V  [jvm.dll+0x3c99b0]
V  [jvm.dll+0x3e82fa]
V  [jvm.dll+0x3ed2ae]
V  [jvm.dll+0x5b56b4]
V  [jvm.dll+0x3d091c]
V  [jvm.dll+0x82e4a6]
V  [jvm.dll+0x82e0c0]
V  [jvm.dll+0x82f15b]
V  [jvm.dll+0x82f724]
V  [jvm.dll+0x82f3b8]
V  [jvm.dll+0x271c6d]
V  [jvm.dll+0x271eaa]
V  [jvm.dll+0x5d9627]
V  [jvm.dll+0x5dc616]
V  [jvm.dll+0x3e0ae2]
V  [jvm.dll+0x3e019a]
C  0x0000022cdbdd8080

The last pc belongs to invokestatic (printed below).
Java frames: (J=compiled Java code, j=interpreted, Vv=VM code)
j  java.lang.Character.digit(II)I+1 java.base
j  java.lang.Character.digit(CI)I+2 java.base
j  java.lang.Integer.parseInt(Ljava/lang/String;I)I+190 java.base
j  java.lang.Integer.parseInt(Ljava/lang/String;)I+3 java.base
j  jdk.internal.misc.VM.saveProperties(Ljava/util/Map;)V+137 java.base
j  java.lang.System.initPhase1()V+12 java.base
v  ~StubRoutines::call_stub 0x0000022cdbdc100d
invokestatic  184 invokestatic  [0x0000022cdbdd7fe0, 0x0000022cdbdd82a8]  712 bytes
[MachCode]
  0x0000022cdbdd7fe0: 4883 ec08 | c5fa 1104 | 24eb 1f48 | 83ec 10c5 | fb11 0424 | eb14 4883 | ec10 4889 | 0424 48c7 
  0x0000022cdbdd8000: 4424 0800 | 0000 00eb | 0150 4c89 | 6dc0 410f | b755 0148 | 8b4d d0c1 | e202 8b5c | d138 c1eb 
  0x0000022cdbdd8020: 1081 e3ff | 0000 0081 | fbb8 0000 | 000f 84b4 | 0000 00bb | b800 0000 | e805 0000 | 00e9 9900 
  0x0000022cdbdd8040: 0000 488b | d348 8d44 | 2408 4c89 | 6dc0 498b | cfc5 f877 | 4989 afb0 | 0300 0049 | 8987 a003 
  0x0000022cdbdd8060: 0000 4883 | ec20 40f6 | c40f 0f84 | 1900 0000 | 4883 ec08 | 48b8 3001 | 994c ff7f | 0000 ffd0 
  0x0000022cdbdd8080: 4883 c408 | e90c 0000 | 0048 b830 | 0199 4cff | 7f00 00ff | d048 83c4 | 2049 c787 | a003 0000 
  0x0000022cdbdd80a0: 0000 0000 | 49c7 87b0 | 0300 0000 | 0000 0049 | c787 a803 | 0000 0000 | 0000 c5f8 | 7749 837f 
  0x0000022cdbdd80c0: 0800 0f84 | 0500 0000 | e933 8efe | ff4c 8b6d | c04c 8b75 | c84e 8d74 | f500 c341 | 0fb7 5501 
  0x0000022cdbdd80e0: 488b 4dd0 | c1e2 0248 | 8b5c d140 | 488b 5b08 | 488b 5b08 | 488b 5b18 | 80bb 3101 | 0000 040f 
  0x0000022cdbdd8100: 840d 0000 | 004c 3bbb | 3801 0000 | 0f85 21ff | ffff 488b | 5cd1 408b | 54d1 50c1 | ea1c 49ba 
  0x0000022cdbdd8120: 20e4 274d | ff7f 0000 | 498b 14d2 | 5248 8b45 | d848 85c0 | 0f84 1200 | 0000 4883 | 4008 0148 
  0x0000022cdbdd8140: 8358 0800 | 4883 c010 | 4889 45d8 | 488b 45d8 | 4885 c00f | 843d 0100 | 0080 78f0 | 0a0f 8533 
  0x0000022cdbdd8160: 0100 0048 | 83c0 084c | 8b68 f841 | 83ed 0041 | 83fd 020f | 8c12 0100 | 004c 8b6b | 0845 0fb7 
  0x0000022cdbdd8180: 6d2e 4c2b | 2841 83ed | 014e 8b6c | ec08 4d85 | ed75 0ef6 | 4008 0175 | 58f0 4883 | 4808 01eb 
  0x0000022cdbdd81a0: 5045 8b6d | 0849 ba00 | 0000 802c | 0200 004d | 03ea 4d8b | d54c 3368 | 0849 f7c5 | fcff ffff 
  0x0000022cdbdd81c0: 742f 41f6 | c502 7529 | 4883 7808 | 0074 1e48 | 8378 0801 | 7417 4d8b | ea4c 3368 | 0849 f7c5 
  0x0000022cdbdd81e0: fcff ffff | 740b 4883 | 4808 02eb | 044c 8968 | 0848 83c0 | 104c 8b68 | e841 83ed | 0241 83fd 
  0x0000022cdbdd8200: 020f 8c84 | 0000 004c | 8b6b 0845 | 0fb7 6d2e | 4c2b 2841 | 83ed 014e | 8b6c ec08 | 4d85 ed75 
  0x0000022cdbdd8220: 0ef6 4008 | 0175 58f0 | 4883 4808 | 01eb 5045 | 8b6d 0849 | ba00 0000 | 802c 0200 | 004d 03ea 
  0x0000022cdbdd8240: 4d8b d54c | 3368 0849 | f7c5 fcff | ffff 742f | 41f6 c502 | 7529 4883 | 7808 0074 | 1e48 8378 
  0x0000022cdbdd8260: 0801 7417 | 4d8b ea4c | 3368 0849 | f7c5 fcff | ffff 740b | 4883 4808 | 02eb 044c | 8968 0848 
  0x0000022cdbdd8280: 83c0 104c | 8b68 d841 | 83ed 0441 | c1e5 0349 | 03c5 4889 | 45d8 4c8d | 6c24 084c | 896d f0ff 
  0x0000022cdbdd82a0: 6350 660f | 1f44 0000 
[/MachCode]

---------------  P R O C E S S  ---------------

Threads class SMR info:
_java_thread_list=0x0000022cd16bbf70, length=1, elements={
0x0000022cd1697740
}

Java Threads: ( => current thread )
=>0x0000022cd1697740 JavaThread "main"                              [_thread_in_vm, id=3908, stack(0x0000007c03000000,0x0000007c03100000) (1024K)]
Total: 1

Other Threads:
  0x0000022ce8102f40 VMThread "VM Thread"                           [id=26348, stack(0x0000007c03300000,0x0000007c03400000) (1024K)]
  0x0000022cd1704060 WatcherThread "VM Periodic Task Thread"        [id=16660, stack(0x0000007c03200000,0x0000007c03300000) (1024K)]
  0x0000022cd16b6fc0 WorkerThread "GC Thread#0"                     [id=25932, stack(0x0000007c03100000,0x0000007c03200000) (1024K)]
Total: 3

Threads with active compile tasks:
Total: 0

VM state: not at safepoint (normal execution)

VM Mutex/Monitor currently owned by a thread: None

Heap address: 0x0000000080000000, size: 2048 MB, Compressed Oops mode: 32-bit

CDS archive(s) mapped at: [0x0000022c80000000-0x0000022c80ba0000-0x0000022c80ba0000), size 12189696, SharedBaseAddress: 0x0000022c80000000, ArchiveRelocationMode: 1.
Compressed class space mapped at: 0x0000022c81000000-0x0000022cc1000000, reserved size: 1073741824
Narrow klass base: 0x0000022c80000000, Narrow klass shift: 0, Narrow klass range: 0x100000000

GC Precious Log:
 CardTable entry size: 512
 CPUs: 8 total, 8 available
 Memory: 16263M
 Large Page Support: Disabled
 NUMA Support: Disabled
 Compressed Oops: Enabled (32-bit)
 Alignments: Space 512K, Generation 512K, Heap 2M
 Heap Min Capacity: 100M
 Heap Initial Capacity: 100M
 Heap Max Capacity: 2G
 Pre-touch: Disabled
 Parallel Workers: 8

Heap:
 PSYoungGen      total 29696K, used 512K [0x00000000d5580000, 0x00000000d7680000, 0x0000000100000000)
  eden space 25600K, 2% used [0x00000000d5580000,0x00000000d5600020,0x00000000d6e80000)
  from space 4096K, 0% used [0x00000000d7280000,0x00000000d7280000,0x00000000d7680000)
  to   space 4096K, 0% used [0x00000000d6e80000,0x00000000d6e80000,0x00000000d7280000)
 ParOldGen       total 68608K, used 0K [0x0000000080000000, 0x0000000084300000, 0x00000000d5580000)
  object space 68608K, 0% used [0x0000000080000000,0x0000000080000000,0x0000000084300000)
 Metaspace       used 11K, committed 128K, reserved 1114112K
  class space    used 1K, committed 64K, reserved 1048576K

Card table byte_map: [0x0000022cd1040000,0x0000022cd1450000] _byte_map_base: 0x0000022cd0c40000

Marking Bits: (ParMarkBitMap*) 0x00007fff4d273450
 Begin Bits: [0x0000022ce3b40000, 0x0000022ce5b40000)
 End Bits:   [0x0000022ce5b40000, 0x0000022ce7b40000)

Polling page: 0x0000022ccf480000

Metaspace:

Usage:
  Non-class:     10.38 KB used.
      Class:      1.48 KB used.
       Both:     11.85 KB used.

Virtual space:
  Non-class space:       64.00 MB reserved,      64.00 KB ( <1%) committed,  1 nodes.
      Class space:        1.00 GB reserved,      64.00 KB ( <1%) committed,  1 nodes.
             Both:        1.06 GB reserved,     128.00 KB ( <1%) committed. 

Chunk freelists:
   Non-Class:  12.00 MB
       Class:  15.75 MB
        Both:  27.75 MB

MaxMetaspaceSize: unlimited
CompressedClassSpaceSize: 1.00 GB
Initial GC threshold: 21.00 MB
Current GC threshold: 17179869184.00 GB
CDS: on
 - commit_granule_bytes: 65536.
 - commit_granule_words: 8192.
 - virtual_space_node_default_size: 8388608.
 - enlarge_chunks_in_place: 1.
 - use_allocation_guard: 0.


Internal statistics:

num_allocs_failed_limit: 0.
num_arena_births: 2.
num_arena_deaths: 0.
num_vsnodes_births: 2.
num_vsnodes_deaths: 0.
num_space_committed: 2.
num_space_uncommitted: 0.
num_chunks_returned_to_freelist: 0.
num_chunks_taken_from_freelist: 3.
num_chunk_merges: 0.
num_chunk_splits: 2.
num_chunks_enlarged: 0.
num_inconsistent_stats: 0.

CodeHeap 'non-profiled nmethods': size=120000Kb used=0Kb max_used=0Kb free=120000Kb
 bounds [0x0000022cdc360000, 0x0000022cdc5d0000, 0x0000022ce3890000]
CodeHeap 'profiled nmethods': size=120000Kb used=0Kb max_used=0Kb free=120000Kb
 bounds [0x0000022cd4890000, 0x0000022cd4b00000, 0x0000022cdbdc0000]
CodeHeap 'non-nmethods': size=5760Kb used=349Kb max_used=349Kb free=5411Kb
 bounds [0x0000022cdbdc0000, 0x0000022cdc030000, 0x0000022cdc360000]
CodeCache: size=245760Kb, used=349Kb, max_used=349Kb, free=245411Kb
 total_blobs=159, nmethods=0, adapters=129, full_count=0
Compilation: enabled, stopped_count=0, restarted_count=0

Compilation events (0 events):
No events

GC Heap History (0 events):
No events

Dll operation events (1 events):
Event: 0.069 Loaded shared library c:\Users\ADMIN\.vscode\extensions\redhat.java-1.54.0-win32-x64\jre\21.0.10-win32-x86_64\bin\java.dll

Deoptimization events (0 events):
No events

Classes loaded (0 events):
No events

Classes unloaded (0 events):
No events

Classes redefined (0 events):
No events

Internal exceptions (0 events):
No events

ZGC Phase Switch (0 events):
No events

VM Operations (0 events):
No events

Memory protections (0 events):
No events

Nmethod flushes (0 events):
No events

Events (1 events):
Event: 0.121 Thread 0x0000022cd1697740 Thread added: 0x0000022cd1697740


Dynamic libraries:
0x00007ff714040000 - 0x00007ff71404e000 	c:\Users\ADMIN\.vscode\extensions\redhat.java-1.54.0-win32-x64\jre\21.0.10-win32-x86_64\bin\java.exe
0x00007fffe9710000 - 0x00007fffe9908000 	C:\Windows\SYSTEM32\ntdll.dll
0x00007fffe8f90000 - 0x00007fffe904d000 	C:\Windows\System32\KERNEL32.DLL
0x00007fffe70b0000 - 0x00007fffe73a6000 	C:\Windows\System32\KERNELBASE.dll
0x00007fffe01f0000 - 0x00007fffe0280000 	C:\Windows\SYSTEM32\apphelp.dll
0x00007fffe7510000 - 0x00007fffe7610000 	C:\Windows\System32\ucrtbase.dll
0x00007fffac9f0000 - 0x00007fffaca08000 	c:\Users\ADMIN\.vscode\extensions\redhat.java-1.54.0-win32-x64\jre\21.0.10-win32-x86_64\bin\jli.dll
0x00007fffada00000 - 0x00007fffada1e000 	c:\Users\ADMIN\.vscode\extensions\redhat.java-1.54.0-win32-x64\jre\21.0.10-win32-x86_64\bin\VCRUNTIME140.dll
0x00007fffe85e0000 - 0x00007fffe877f000 	C:\Windows\System32\USER32.dll
0x00007fffe7000000 - 0x00007fffe7022000 	C:\Windows\System32\win32u.dll
0x00007fffe60d0000 - 0x00007fffe636a000 	C:\Windows\WinSxS\amd64_microsoft.windows.common-controls_6595b64144ccf1df_6.0.19041.3636_none_60b6a03d71f818d5\COMCTL32.dll
0x00007fffe96a0000 - 0x00007fffe96cb000 	C:\Windows\System32\GDI32.dll
0x00007fffe8540000 - 0x00007fffe85de000 	C:\Windows\System32\msvcrt.dll
0x00007fffe6dc0000 - 0x00007fffe6ed7000 	C:\Windows\System32\gdi32full.dll
0x00007fffe7610000 - 0x00007fffe76ad000 	C:\Windows\System32\msvcp_win.dll
0x00007fffe7aa0000 - 0x00007fffe7ad2000 	C:\Windows\System32\IMM32.DLL
0x00007fffc8a40000 - 0x00007fffc8a4c000 	c:\Users\ADMIN\.vscode\extensions\redhat.java-1.54.0-win32-x64\jre\21.0.10-win32-x86_64\bin\vcruntime140_1.dll
0x00007fff949d0000 - 0x00007fff94a5d000 	c:\Users\ADMIN\.vscode\extensions\redhat.java-1.54.0-win32-x64\jre\21.0.10-win32-x86_64\bin\msvcp140.dll
0x00007fff4c5b0000 - 0x00007fff4d351000 	c:\Users\ADMIN\.vscode\extensions\redhat.java-1.54.0-win32-x64\jre\21.0.10-win32-x86_64\bin\server\jvm.dll
0x00007fffe93e0000 - 0x00007fffe9490000 	C:\Windows\System32\ADVAPI32.dll
0x00007fffe8ef0000 - 0x00007fffe8f90000 	C:\Windows\System32\sechost.dll
0x00007fffe80d0000 - 0x00007fffe81f3000 	C:\Windows\System32\RPCRT4.dll
0x00007fffe7030000 - 0x00007fffe7057000 	C:\Windows\System32\bcrypt.dll
0x00007fffe8470000 - 0x00007fffe84db000 	C:\Windows\System32\WS2_32.dll
0x00007fffe6980000 - 0x00007fffe69cb000 	C:\Windows\SYSTEM32\POWRPROF.dll
0x00007fffcf440000 - 0x00007fffcf467000 	C:\Windows\SYSTEM32\WINMM.dll
0x00007fffdc410000 - 0x00007fffdc41a000 	C:\Windows\SYSTEM32\VERSION.dll
0x00007fffe6370000 - 0x00007fffe6382000 	C:\Windows\SYSTEM32\UMPDC.dll
0x00007fffe4f30000 - 0x00007fffe4f42000 	C:\Windows\SYSTEM32\kernel.appcore.dll
0x00007fffc5360000 - 0x00007fffc536a000 	c:\Users\ADMIN\.vscode\extensions\redhat.java-1.54.0-win32-x64\jre\21.0.10-win32-x86_64\bin\jimage.dll
0x00007fffe6680000 - 0x00007fffe6864000 	C:\Windows\SYSTEM32\DBGHELP.DLL
0x00007fffe6630000 - 0x00007fffe6664000 	C:\Windows\SYSTEM32\dbgcore.DLL
0x00007fffe76b0000 - 0x00007fffe7732000 	C:\Windows\System32\bcryptPrimitives.dll
0x00007fffc5170000 - 0x00007fffc517f000 	c:\Users\ADMIN\.vscode\extensions\redhat.java-1.54.0-win32-x64\jre\21.0.10-win32-x86_64\bin\instrument.dll
0x00007fffa96c0000 - 0x00007fffa96e0000 	c:\Users\ADMIN\.vscode\extensions\redhat.java-1.54.0-win32-x64\jre\21.0.10-win32-x86_64\bin\java.dll
0x00007fffe8780000 - 0x00007fffe8eeb000 	C:\Windows\System32\SHELL32.dll
0x00007fffe44c0000 - 0x00007fffe4c5e000 	C:\Windows\SYSTEM32\windows.storage.dll
0x00007fffe7740000 - 0x00007fffe7a93000 	C:\Windows\System32\combase.dll
0x00007fffe6030000 - 0x00007fffe605e000 	C:\Windows\SYSTEM32\Wldp.dll
0x00007fffe95d0000 - 0x00007fffe969d000 	C:\Windows\System32\OLEAUT32.dll
0x00007fffe8200000 - 0x00007fffe82ad000 	C:\Windows\System32\SHCORE.dll
0x00007fffe7ae0000 - 0x00007fffe7b35000 	C:\Windows\System32\shlwapi.dll
0x00007fffe6cf0000 - 0x00007fffe6d13000 	C:\Windows\SYSTEM32\profapi.dll

JVMTI agents:
c:\Users\ADMIN\.vscode\extensions\redhat.java-1.54.0-win32-x64\lombok\lombok-1.18.39-4050.jar path:none, loaded, not initialized, instrumentlib options:none

dbghelp: loaded successfully - version: 4.0.5 - missing functions: none
symbol engine: initialized successfully - sym options: 0x614 - pdb path: .;c:\Users\ADMIN\.vscode\extensions\redhat.java-1.54.0-win32-x64\jre\21.0.10-win32-x86_64\bin;C:\Windows\SYSTEM32;C:\Windows\WinSxS\amd64_microsoft.windows.common-controls_6595b64144ccf1df_6.0.19041.3636_none_60b6a03d71f818d5;c:\Users\ADMIN\.vscode\extensions\redhat.java-1.54.0-win32-x64\jre\21.0.10-win32-x86_64\bin\server

VM Arguments:
jvm_args: --add-modules=ALL-SYSTEM --add-opens=java.base/java.util=ALL-UNNAMED --add-opens=java.base/java.lang=ALL-UNNAMED --add-opens=java.base/sun.nio.fs=ALL-UNNAMED -Declipse.application=org.eclipse.jdt.ls.core.id1 -Dosgi.bundles.defaultStartLevel=4 -Declipse.product=org.eclipse.jdt.ls.core.product -Djava.import.generatesMetadataFilesAtProjectRoot=false -DDetectVMInstallationsJob.disabled=true -Dfile.encoding=utf8 -XX:+UseParallelGC -XX:GCTimeRatio=4 -XX:AdaptiveSizePolicyWeight=90 -Dsun.zip.disableMemoryMapping=true -Xmx2G -Xms100m -Xlog:disable -javaagent:c:\Users\ADMIN\.vscode\extensions\redhat.java-1.54.0-win32-x64\lombok\lombok-1.18.39-4050.jar -XX:+HeapDumpOnOutOfMemoryError -XX:HeapDumpPath=c:\Users\ADMIN\AppData\Roaming\Code\User\workspaceStorage\c787f9f3c7dc0f39abbe2e8d5d022874\redhat.java -Daether.dependencyCollector.impl=bf 
java_command: c:\Users\ADMIN\.vscode\extensions\redhat.java-1.54.0-win32-x64\server\plugins\org.eclipse.equinox.launcher_1.7.100.v20251111-0406.jar -configuration c:\Users\ADMIN\AppData\Roaming\Code\User\globalStorage\redhat.java\1.54.0\config_win -data c:\Users\ADMIN\AppData\Roaming\Code\User\workspaceStorage\c787f9f3c7dc0f39abbe2e8d5d022874\redhat.java\jdt_ws --pipe=\\.\pipe\lsp-5a4b11d7faa6b31d59a39a3cb6285776-sock
java_class_path (initial): c:\Users\ADMIN\.vscode\extensions\redhat.java-1.54.0-win32-x64\server\plugins\org.eclipse.equinox.launcher_1.7.100.v20251111-0406.jar
Launcher Type: SUN_STANDARD

[Global flags]
    uintx AdaptiveSizePolicyWeight                 = 90                                        {product} {command line}
     intx CICompilerCount                          = 4                                         {product} {ergonomic}
    uintx GCTimeRatio                              = 4                                         {product} {command line}
     bool HeapDumpOnOutOfMemoryError               = true                                   {manageable} {command line}
    ccstr HeapDumpPath                             = c:\Users\ADMIN\AppData\Roaming\Code\User\workspaceStorage\c787f9f3c7dc0f39abbe2e8d5d022874\redhat.java         {manageable} {command line}
   size_t InitialHeapSize                          = 104857600                                 {product} {command line}
   size_t MaxHeapSize                              = 2147483648                                {product} {command line}
   size_t MaxNewSize                               = 715653120                                 {product} {ergonomic}
   size_t MinHeapDeltaBytes                        = 524288                                    {product} {ergonomic}
   size_t MinHeapSize                              = 104857600                                 {product} {command line}
   size_t NewSize                                  = 34603008                                  {product} {ergonomic}
    uintx NonNMethodCodeHeapSize                   = 5839372                                {pd product} {ergonomic}
    uintx NonProfiledCodeHeapSize                  = 122909434                              {pd product} {ergonomic}
   size_t OldSize                                  = 70254592                                  {product} {ergonomic}
    uintx ProfiledCodeHeapSize                     = 122909434                              {pd product} {ergonomic}
    uintx ReservedCodeCacheSize                    = 251658240                              {pd product} {ergonomic}
     bool SegmentedCodeCache                       = true                                      {product} {ergonomic}
   size_t SoftMaxHeapSize                          = 2147483648                             {manageable} {ergonomic}
     bool UseCompressedOops                        = true                           {product lp64_product} {ergonomic}
     bool UseLargePagesIndividualAllocation        = false                                  {pd product} {ergonomic}
     bool UseParallelGC                            = true                                      {product} {command line}

Logging:
Log output configuration:
 #0: stdout all=off uptime,level,tags foldmultilines=false
 #1: stderr all=off uptime,level,tags foldmultilines=false

Release file:
<release file has not been read>
Environment Variables:
JAVA_HOME=C:\Users\ADMIN\.jdks\ms-17.0.16
PATH=C:\Users\ADMIN\AppData\Local\Programs\Microsoft VS Code;C:\Program Files\Common Files\Oracle\Java\javapath;C:\Program Files (x86)\Common Files\Oracle\Java\java8path;C:\Program Files (x86)\Common Files\Oracle\Java\javapath;C:\Program Files\Microsoft MPI\Bin\;C:\Python313\Scripts\;C:\Python313\;C:\Windows\system32;C:\Windows;C:\Windows\System32\Wbem;C:\Windows\System32\WindowsPowerShell\v1.0\;C:\Windows\System32\OpenSSH\;C:\ProgramData\chocolatey\bin;F:\mongosh-2.3.9-win32-x64\mongosh-2.3.9-win32-x64\bin;C:\Program Files\MongoDB\Server\8.0\bin;C:\Program Files (x86)\Microsoft SQL Server\160\Tools\Binn\;C:\Program Files\Microsoft SQL Server\160\Tools\Binn\;C:\Program Files\Microsoft SQL Server\Client SDK\ODBC\170\Tools\Binn\;C:\Program Files\Microsoft SQL Server\160\DTS\Binn\;C:\Program Files (x86)\Microsoft SQL Server\160\DTS\Binn\;C:\Program Files\Git\cmd;C:\Program Files\nodejs\;C:\Users\ADMIN\AppData\Roaming\npm\node_modules\vite\bin;C:\Program Files\Go\bin;C:\Program Files\Java\jdk-23\bin;C:\Program Files\NVIDIA Corporation\NVIDIA App\NvDLISR;C:\Program Files\MySQL\MySQL Server 8.0\bin;C:\Program Files\MySQL\MySQL Shell 9.3\bin;C:\Users\ADMIN\Documents\mongodb-database-tools-windows-x86_64-100.12.2\bin;C:\Users\admin\AppData\Roaming\Python\Python313\Scripts;C:\Program Files\Docker\Docker\resources\bin;F:\vscode\apache-maven-3.9.15\bin;C:\Users\ADMIN\AppData\Local\Programs\Python\Python312\Scripts\;C:\Users\ADMIN\AppData\Local\Programs\Python\Python312\;C:\Program Files\MySQL\MySQL Shell 9.3\bin\;C:\Users\ADMIN\AppData\Local\Microsoft\WindowsApps;C:\Users\ADMIN\AppData\Local\Programs\Microsoft VS Code\bin;C:\Program Files\nodejs;F:\mongosh-2.3.9-win32-x64\mongosh-2.3.9-win32-x64\bin;C:\Program Files\MongoDB\Server\8.0\bin;C:\Users\ADMIN\AppData\Roaming\npm;C:\Users\ADMIN\AppData\Roaming\npm\node_modules\vite\bin;C:\Users\ADMIN\go\bin;F:\cursor\resources\app\bin;C:\Program Files\MySQL\MySQL Server 8.0\bin;C:\Program Files\MySQL\MySQL Workbench 8.0 CE;C:\Users\ADMIN\Documents\mongodb-database-tools-windows-x86_64-100.12.2\bin;C:\Users\admin\AppData\Roaming\Python\Python313\Scripts;E:\Antigravity\bin;F:\vscode\apache-maven-3.9.15\bin;
USERNAME=ADMIN
OS=Windows_NT
PROCESSOR_IDENTIFIER=Intel64 Family 6 Model 94 Stepping 3, GenuineIntel
TMP=C:\Users\ADMIN\AppData\Local\Temp
TEMP=C:\Users\ADMIN\AppData\Local\Temp




Periodic native trim disabled

---------------  S Y S T E M  ---------------

OS:
 Windows 10 , 64 bit Build 19041 (10.0.19041.3636)
OS uptime: 7 days 5:21 hours
Hyper-V role detected

CPU: total 8 (initial active 8) (4 cores per cpu, 2 threads per core) family 6 model 94 stepping 3 microcode 0xf0, cx8, cmov, fxsr, ht, mmx, 3dnowpref, sse, sse2, sse3, ssse3, sse4.1, sse4.2, popcnt, lzcnt, tsc, tscinvbit, avx, avx2, aes, erms, clmul, bmi1, bmi2, rtm, adx, fma, vzeroupper, clflush, clflushopt, hv, rdtscp, f16c
Processor Information for the first 8 processors :
  Max Mhz: 2592, Current Mhz: 2592, Mhz Limit: 2592

Memory: 4k page, system-wide physical 16263M (881M free)
TotalPageFile size 32878M (AvailPageFile size 3675M)
current process WorkingSet (physical memory assigned to process): 27M, peak: 27M
current process commit charge ("private bytes"): 218M, peak: 218M

vm_info: OpenJDK 64-Bit Server VM (21.0.10+7-LTS) for windows-amd64 JRE (21.0.10+7-LTS), built on 2026-01-20T00:00:00Z by "admin" with MS VC++ 17.12 (VS2022)

END.
